<?xml version="1.0" encoding="utf-8"?><testsuites name="pytest tests"><testsuite name="pytest" errors="0" failures="0" skipped="0" tests="0" time="0.431" timestamp="2025-09-14T13:35:38.346181-04:00" hostname="home" /></testsuites>